 Image dmac-bedrock-proxy:poc Building 
#1 [internal] load local bake definitions
#1 reading from stdin 612B done
#1 DONE 0.0s

#2 [internal] load build definition from Dockerfile
#2 transferring dockerfile: 2.03kB 0.0s done
#2 DONE 0.1s

#3 resolve image config for docker-image://docker.io/docker/dockerfile:1.7
#3 DONE 1.2s

#4 docker-image://docker.io/docker/dockerfile:1.7@sha256:a57df69d0ea827fb7266491f2813635de6f17269be881f696fbfdf2d83dda33e
#4 CACHED

#5 [internal] load metadata for docker.io/library/python:3.14-slim-bookworm
#5 DONE 0.0s

#6 [internal] load .dockerignore
#6 transferring context: 261B 0.0s done
#6 DONE 0.1s

#7 [1/8] FROM docker.io/library/python:3.14-slim-bookworm
#7 DONE 0.0s

#8 [internal] load build context
#8 transferring context: 213B 0.0s done
#8 DONE 0.1s

#9 [4/8] RUN uv venv /opt/proxy-venv
#9 CACHED

#10 [5/8] RUN uv pip install "fastapi>=0.116" "uvicorn[standard]>=0.35" "httpx>=0.28.1"
#10 CACHED

#11 [2/8] RUN apt-get update && apt-get install -y --no-install-recommends ca-certificates curl     && rm -rf /var/lib/apt/lists/*
#11 CACHED

#12 [3/8] RUN curl -LsSf https://astral.sh/uv/install.sh | sh
#12 CACHED

#13 [6/8] COPY bedrock-proxy/app/ /app/app/
#13 CACHED

#14 [7/8] RUN useradd -m -u 1001 -s /bin/sh proxyapp
#14 DONE 1.2s

#15 [8/8] WORKDIR /app
#15 DONE 0.2s

#16 exporting to image
#16 exporting layers
#16 exporting layers 2.6s done
#16 writing image sha256:5428f985dddb9d756417784ee6ee77a89544e2354136bf10d3baaf8a6f714490 0.0s done
#16 naming to docker.io/library/dmac-bedrock-proxy:poc 0.0s done
#16 DONE 2.7s

#17 resolving provenance for metadata file
#17 DONE 0.1s
 Image dmac-bedrock-proxy:poc Built 
