........................................................................ [  5%]
................................................s....................... [ 10%]
........................................................................ [ 15%]
........................................................................ [ 20%]
........................................sss.ssss...sssss.ssss.sssss..sss [ 25%]
........................................................................ [ 30%]
........................................................................ [ 35%]
........................................................................ [ 40%]
........................................................................ [ 45%]
........................................................................ [ 50%]
........................................................................ [ 56%]
........................................................................ [ 61%]
........................................................................ [ 66%]
........................................................................ [ 71%]
........................................................................ [ 76%]
........................................................................ [ 81%]
........................................................................ [ 86%]
........................................................................ [ 91%]
........................................................................ [ 96%]
..............................................                           [100%]
=============================== warnings summary ===============================
tests/test_conftest_plumbing.py::test_live_env_fixture_skips_when_env_missing
tests/test_conftest_plumbing.py::test_live_env_fixture_provides_vars_when_env_present
tests/test_conftest_plumbing.py::test_live_socket_fixture_allows_computed_bedrock_and_nextseek_hosts
tests/test_conftest_plumbing.py::test_live_socket_is_session_scoped
tests/test_conftest_plumbing.py::test_terminal_hook_stays_silent_when_no_live_selected
tests/test_conftest_plumbing.py::test_terminal_hook_fails_when_live_selected_but_none_ran
tests/test_conftest_plumbing.py::test_terminal_hook_silent_when_all_live_skip
tests/test_conftest_plumbing.py::test_terminal_hook_passes_when_env_absent
  /Users/taishajoseph/Documents/Projects/dmac_assistant/.venv/lib/python3.12/site-packages/pytest_asyncio/plugin.py:247: PytestDeprecationWarning: The configuration option "asyncio_default_fixture_loop_scope" is unset.
  The event loop scope for asynchronous fixtures will default to the fixture caching scope. Future versions of pytest-asyncio will default the loop scope for asynchronous fixtures to function scope. Set the default fixture loop scope explicitly in order to avoid unexpected behavior in the future. Valid fixture loop scopes are: "function", "class", "module", "package", "session"
  
    warnings.warn(PytestDeprecationWarning(_DEFAULT_FIXTURE_LOOP_SCOPE_UNSET))

-- Docs: https://docs.pytest.org/en/stable/how-to/capture-warnings.html
================================ tests coverage ================================
______________ coverage: platform darwin, python 3.12.10-final-0 _______________

Name                                        Stmts   Miss  Cover   Missing
-------------------------------------------------------------------------
src/dmac_assistant/__init__.py                  2      0   100%
src/dmac_assistant/app.py                      16      1    94%   33
src/dmac_assistant/auth.py                     79      0   100%
src/dmac_assistant/config.py                  121      0   100%
src/dmac_assistant/containers.py              274      7    97%   198, 208, 244-247, 492, 650, 654
src/dmac_assistant/copier.py                   35      1    97%   34
src/dmac_assistant/ns_adapter.py               73      3    96%   97, 139, 151
src/dmac_assistant/router/__init__.py           0      0   100%
src/dmac_assistant/router/agent.py             33      0   100%
src/dmac_assistant/router/capabilities.py      42      0   100%
src/dmac_assistant/router/models.py            51      2    96%   75-76
src/dmac_assistant/run_tracker.py              26      2    92%   44-45
src/dmac_assistant/sessions.py                 35      0   100%
src/dmac_assistant/staging_sweep.py            48      0   100%
src/dmac_assistant/streamjson.py               59      0   100%
src/dmac_assistant/ws.py                      452     11    98%   506-507, 531-532, 689-690, 810, 861-867, 1063
tests/harness/__init__.py                       0      0   100%
tests/harness/canaries.py                      49      0   100%
tests/harness/containers.py                    55      0   100%
tests/harness/live_runner.py                   44      0   100%
tests/harness/plugin_schema.py                 68      1    99%   46
tests/harness/stream_json.py                   57      0   100%
tests/harness/test_live_runner.py             155      1    99%   84
tests/harness/test_plugin_schema.py           143      0   100%
tests/harness/test_stream_json.py              99      0   100%
-------------------------------------------------------------------------
TOTAL                                        2016     29    99%
Required test coverage of 95% reached. Total coverage: 98.56%
1389 passed, 33 skipped, 25 deselected, 8 warnings in 317.97s (0:05:17)
